2026-05-21 14:13:03,587 [INFO] patitas_sanas — Patitas Sanas API iniciada. Archivos JSON inicializados.
2026-05-21 14:13:03,695 [INFO] watchfiles.main — 4 changes detected
2026-05-21 14:14:40,672 [INFO] patitas_sanas — Patitas Sanas API iniciada. Archivos JSON inicializados.
2026-05-21 14:20:11,417 [INFO] watchfiles.main — 1 change detected
2026-05-21 14:20:16,404 [INFO] watchfiles.main — 1 change detected
2026-05-21 14:28:56,484 [INFO] watchfiles.main — 1 change detected
2026-05-21 14:29:02,160 [INFO] watchfiles.main — 1 change detected
2026-05-21 14:29:08,552 [INFO] watchfiles.main — 1 change detected
2026-05-21 14:30:30,418 [INFO] watchfiles.main — 1 change detected
2026-05-21 14:30:39,643 [INFO] watchfiles.main — 1 change detected
2026-05-21 14:36:55,707 [INFO] watchfiles.main — 1 change detected
2026-05-21 14:36:56,286 [INFO] watchfiles.main — 1 change detected
2026-05-21 14:36:59,248 [INFO] watchfiles.main — 3 changes detected
2026-05-21 14:37:04,270 [INFO] watchfiles.main — 1 change detected
2026-05-21 14:37:08,155 [INFO] watchfiles.main — 2 changes detected
2026-05-21 14:37:08,491 [INFO] patitas_sanas — Patitas Sanas API iniciada. Archivos JSON inicializados.
2026-05-21 14:37:08,518 [INFO] watchfiles.main — 3 changes detected
2026-05-21 14:37:12,255 [INFO] watchfiles.main — 2 changes detected
2026-05-21 14:38:46,150 [INFO] patitas_sanas — Patitas Sanas API iniciada. Archivos JSON inicializados.
2026-05-21 14:39:03,023 [INFO] patitas_sanas — Login POST exitoso: admin@patitassanas.com (rol=admin)
2026-05-21 14:39:03,061 [INFO] patitas_sanas — Login exitoso: admin@patitassanas.com (rol=admin)
2026-05-21 14:39:03,062 [INFO] patitas_sanas — Agenda consultada por admin@patitassanas.com (rol=admin) — fecha=2026-05-21 — 0 turnos
2026-05-21 14:39:04,374 [INFO] patitas_sanas — Login exitoso: admin@patitassanas.com (rol=admin)
2026-05-21 14:39:04,374 [INFO] patitas_sanas — Login exitoso: admin@patitassanas.com (rol=admin)
2026-05-21 14:39:05,413 [INFO] patitas_sanas — Login exitoso: admin@patitassanas.com (rol=admin)
2026-05-21 14:39:05,414 [INFO] patitas_sanas — Login exitoso: admin@patitassanas.com (rol=admin)
2026-05-21 14:39:40,767 [INFO] patitas_sanas — Nuevo usuario registrado: juanpalots@gmail.com (id=usr-8375cf59)
2026-05-21 14:39:40,950 [INFO] watchfiles.main — 1 change detected
2026-05-21 14:39:44,625 [INFO] patitas_sanas — Login exitoso: admin@patitassanas.com (rol=admin)
2026-05-21 14:39:44,627 [INFO] patitas_sanas — Agenda consultada por admin@patitassanas.com (rol=admin) — fecha=2026-05-21 — 0 turnos
2026-05-21 14:39:45,532 [INFO] patitas_sanas — Login exitoso: admin@patitassanas.com (rol=admin)
2026-05-21 14:39:45,534 [INFO] patitas_sanas — Login exitoso: admin@patitassanas.com (rol=admin)
2026-05-21 14:39:54,321 [INFO] patitas_sanas — Login exitoso: admin@patitassanas.com (rol=admin)
2026-05-21 14:39:54,323 [INFO] patitas_sanas — Agenda consultada por admin@patitassanas.com (rol=admin) — fecha=2026-05-21 — 0 turnos
2026-05-21 14:39:54,805 [INFO] patitas_sanas — Login exitoso: admin@patitassanas.com (rol=admin)
2026-05-21 14:39:54,806 [INFO] patitas_sanas — Login exitoso: admin@patitassanas.com (rol=admin)
2026-05-21 14:39:58,245 [INFO] patitas_sanas — Login exitoso: admin@patitassanas.com (rol=admin)
2026-05-21 14:39:58,245 [INFO] patitas_sanas — Login exitoso: admin@patitassanas.com (rol=admin)
2026-05-21 14:40:03,302 [INFO] patitas_sanas — Login exitoso: admin@patitassanas.com (rol=admin)
2026-05-21 14:40:03,305 [INFO] patitas_sanas — Agenda consultada por admin@patitassanas.com (rol=admin) — fecha=2026-05-21 — 0 turnos
2026-05-21 14:41:10,675 [INFO] watchfiles.main — 1 change detected
2026-05-21 14:43:43,817 [INFO] patitas_sanas — Login exitoso: admin@patitassanas.com (rol=admin)
2026-05-21 14:43:43,822 [INFO] patitas_sanas — Turno reservado: id=tur-edd1e2e1 cliente=usr-003 vet=usr-001 fecha=2026-05-24 11:30-12:00
2026-05-21 14:43:43,822 [INFO] patitas_sanas — [EMAIL SIMULADO] tipo=confirmacion para=admin@patitassanas.com turno=tur-edd1e2e1 msg='Su turno con Dr. Martín López el 2026-05-24 a las 11:30 fue confirmado.'
2026-05-21 14:43:43,828 [INFO] patitas_sanas — [EMAIL SIMULADO] tipo=recordatorio para=admin@patitassanas.com turno=tur-edd1e2e1 msg='Recordatorio: mañana tiene turno a las 11:30 con Dr. Martín López.'
2026-05-21 14:43:43,933 [INFO] watchfiles.main — 2 changes detected
2026-05-21 14:43:49,446 [INFO] patitas_sanas — Login exitoso: admin@patitassanas.com (rol=admin)
2026-05-21 14:43:49,448 [INFO] patitas_sanas — Agenda consultada por admin@patitassanas.com (rol=admin) — fecha=2026-05-21 — 0 turnos
2026-05-21 14:43:50,568 [INFO] patitas_sanas — Login exitoso: admin@patitassanas.com (rol=admin)
2026-05-21 14:43:50,570 [INFO] patitas_sanas — Login exitoso: admin@patitassanas.com (rol=admin)
2026-05-21 14:43:51,749 [INFO] patitas_sanas — Login exitoso: admin@patitassanas.com (rol=admin)
2026-05-21 14:43:51,750 [INFO] patitas_sanas — Login exitoso: admin@patitassanas.com (rol=admin)
2026-05-21 14:44:08,135 [INFO] patitas_sanas — Login exitoso: admin@patitassanas.com (rol=admin)
2026-05-21 14:44:08,138 [INFO] patitas_sanas — Agenda consultada por admin@patitassanas.com (rol=admin) — fecha=2026-05-21 — 0 turnos
2026-05-21 14:44:10,162 [INFO] patitas_sanas — Login exitoso: admin@patitassanas.com (rol=admin)
2026-05-21 14:44:10,164 [INFO] patitas_sanas — Agenda consultada por admin@patitassanas.com (rol=admin) — fecha=2026-05-22 — 0 turnos
2026-05-21 14:44:10,518 [INFO] patitas_sanas — Login exitoso: admin@patitassanas.com (rol=admin)
2026-05-21 14:44:10,520 [INFO] patitas_sanas — Agenda consultada por admin@patitassanas.com (rol=admin) — fecha=2026-05-23 — 0 turnos
2026-05-21 14:44:10,688 [INFO] patitas_sanas — Login exitoso: admin@patitassanas.com (rol=admin)
2026-05-21 14:44:10,690 [INFO] patitas_sanas — Agenda consultada por admin@patitassanas.com (rol=admin) — fecha=2026-05-24 — 1 turnos
2026-05-21 14:44:14,519 [INFO] patitas_sanas — Login exitoso: admin@patitassanas.com (rol=admin)
2026-05-21 14:44:14,521 [INFO] patitas_sanas — Agenda consultada por admin@patitassanas.com (rol=admin) — fecha=2026-05-24 — 1 turnos
2026-05-21 14:44:17,754 [INFO] patitas_sanas — Login exitoso: admin@patitassanas.com (rol=admin)
2026-05-21 14:44:17,755 [INFO] patitas_sanas — Agenda consultada por admin@patitassanas.com (rol=admin) — fecha=2026-05-25 — 0 turnos
2026-05-21 14:44:18,663 [INFO] patitas_sanas — Login exitoso: admin@patitassanas.com (rol=admin)
2026-05-21 14:44:18,664 [INFO] patitas_sanas — Agenda consultada por admin@patitassanas.com (rol=admin) — fecha=2026-05-26 — 0 turnos
2026-05-21 14:44:18,962 [INFO] patitas_sanas — Login exitoso: admin@patitassanas.com (rol=admin)
2026-05-21 14:44:18,963 [INFO] patitas_sanas — Agenda consultada por admin@patitassanas.com (rol=admin) — fecha=2026-05-27 — 0 turnos
2026-05-21 14:44:19,819 [INFO] patitas_sanas — Login exitoso: admin@patitassanas.com (rol=admin)
2026-05-21 14:44:19,821 [INFO] patitas_sanas — Agenda consultada por admin@patitassanas.com (rol=admin) — fecha=2026-05-28 — 0 turnos
2026-05-21 14:44:20,619 [INFO] patitas_sanas — Login exitoso: admin@patitassanas.com (rol=admin)
2026-05-21 14:44:20,620 [INFO] patitas_sanas — Agenda consultada por admin@patitassanas.com (rol=admin) — fecha=2026-05-29 — 0 turnos
2026-05-21 14:44:20,999 [INFO] patitas_sanas — Login exitoso: admin@patitassanas.com (rol=admin)
2026-05-21 14:44:21,000 [INFO] patitas_sanas — Agenda consultada por admin@patitassanas.com (rol=admin) — fecha=2026-05-30 — 0 turnos
2026-05-21 14:44:21,169 [INFO] patitas_sanas — Login exitoso: admin@patitassanas.com (rol=admin)
2026-05-21 14:44:21,170 [INFO] patitas_sanas — Agenda consultada por admin@patitassanas.com (rol=admin) — fecha=2026-05-31 — 0 turnos
2026-05-21 14:44:21,323 [INFO] patitas_sanas — Login exitoso: admin@patitassanas.com (rol=admin)
2026-05-21 14:44:21,324 [INFO] patitas_sanas — Agenda consultada por admin@patitassanas.com (rol=admin) — fecha=2026-06-01 — 0 turnos
2026-05-21 14:44:22,050 [INFO] patitas_sanas — Login exitoso: admin@patitassanas.com (rol=admin)
2026-05-21 14:44:22,051 [INFO] patitas_sanas — Agenda consultada por admin@patitassanas.com (rol=admin) — fecha=2026-06-02 — 0 turnos
2026-05-21 14:44:22,585 [INFO] patitas_sanas — Login exitoso: admin@patitassanas.com (rol=admin)
2026-05-21 14:44:22,589 [INFO] patitas_sanas — Agenda consultada por admin@patitassanas.com (rol=admin) — fecha=2026-06-03 — 0 turnos
2026-05-21 14:44:22,737 [INFO] patitas_sanas — Login exitoso: admin@patitassanas.com (rol=admin)
2026-05-21 14:44:22,739 [INFO] patitas_sanas — Agenda consultada por admin@patitassanas.com (rol=admin) — fecha=2026-06-04 — 0 turnos
2026-05-21 14:44:22,920 [INFO] patitas_sanas — Login exitoso: admin@patitassanas.com (rol=admin)
2026-05-21 14:44:22,922 [INFO] patitas_sanas — Agenda consultada por admin@patitassanas.com (rol=admin) — fecha=2026-06-05 — 0 turnos
2026-05-21 14:44:23,125 [INFO] patitas_sanas — Login exitoso: admin@patitassanas.com (rol=admin)
2026-05-21 14:44:23,126 [INFO] patitas_sanas — Agenda consultada por admin@patitassanas.com (rol=admin) — fecha=2026-06-06 — 0 turnos
2026-05-21 14:44:23,262 [INFO] patitas_sanas — Login exitoso: admin@patitassanas.com (rol=admin)
2026-05-21 14:44:23,263 [INFO] patitas_sanas — Agenda consultada por admin@patitassanas.com (rol=admin) — fecha=2026-06-07 — 0 turnos
2026-05-21 14:44:23,415 [INFO] patitas_sanas — Login exitoso: admin@patitassanas.com (rol=admin)
2026-05-21 14:44:23,416 [INFO] patitas_sanas — Agenda consultada por admin@patitassanas.com (rol=admin) — fecha=2026-06-08 — 0 turnos
2026-05-21 14:44:23,578 [INFO] patitas_sanas — Login exitoso: admin@patitassanas.com (rol=admin)
2026-05-21 14:44:23,579 [INFO] patitas_sanas — Agenda consultada por admin@patitassanas.com (rol=admin) — fecha=2026-06-09 — 0 turnos
2026-05-21 14:44:23,716 [INFO] patitas_sanas — Login exitoso: admin@patitassanas.com (rol=admin)
2026-05-21 14:44:23,717 [INFO] patitas_sanas — Agenda consultada por admin@patitassanas.com (rol=admin) — fecha=2026-06-10 — 0 turnos
2026-05-21 14:44:25,202 [INFO] patitas_sanas — Login exitoso: admin@patitassanas.com (rol=admin)
2026-05-21 14:44:25,204 [INFO] patitas_sanas — Agenda consultada por admin@patitassanas.com (rol=admin) — fecha=2026-06-09 — 0 turnos
2026-05-21 14:44:25,428 [INFO] patitas_sanas — Login exitoso: admin@patitassanas.com (rol=admin)
2026-05-21 14:44:25,429 [INFO] patitas_sanas — Agenda consultada por admin@patitassanas.com (rol=admin) — fecha=2026-06-08 — 0 turnos
2026-05-21 14:44:25,581 [INFO] patitas_sanas — Login exitoso: admin@patitassanas.com (rol=admin)
2026-05-21 14:44:25,582 [INFO] patitas_sanas — Agenda consultada por admin@patitassanas.com (rol=admin) — fecha=2026-06-07 — 0 turnos
2026-05-21 14:44:25,719 [INFO] patitas_sanas — Login exitoso: admin@patitassanas.com (rol=admin)
2026-05-21 14:44:25,720 [INFO] patitas_sanas — Agenda consultada por admin@patitassanas.com (rol=admin) — fecha=2026-06-06 — 0 turnos
2026-05-21 14:44:25,873 [INFO] patitas_sanas — Login exitoso: admin@patitassanas.com (rol=admin)
2026-05-21 14:44:25,874 [INFO] patitas_sanas — Agenda consultada por admin@patitassanas.com (rol=admin) — fecha=2026-06-05 — 0 turnos
2026-05-21 14:44:26,035 [INFO] patitas_sanas — Login exitoso: admin@patitassanas.com (rol=admin)
2026-05-21 14:44:26,036 [INFO] patitas_sanas — Agenda consultada por admin@patitassanas.com (rol=admin) — fecha=2026-06-04 — 0 turnos
2026-05-21 14:44:26,188 [INFO] patitas_sanas — Login exitoso: admin@patitassanas.com (rol=admin)
2026-05-21 14:44:26,189 [INFO] patitas_sanas — Agenda consultada por admin@patitassanas.com (rol=admin) — fecha=2026-06-03 — 0 turnos
2026-05-21 14:44:26,350 [INFO] patitas_sanas — Login exitoso: admin@patitassanas.com (rol=admin)
2026-05-21 14:44:26,351 [INFO] patitas_sanas — Agenda consultada por admin@patitassanas.com (rol=admin) — fecha=2026-06-02 — 0 turnos
2026-05-21 14:44:26,512 [INFO] patitas_sanas — Login exitoso: admin@patitassanas.com (rol=admin)
2026-05-21 14:44:26,513 [INFO] patitas_sanas — Agenda consultada por admin@patitassanas.com (rol=admin) — fecha=2026-06-01 — 0 turnos
2026-05-21 14:44:26,682 [INFO] patitas_sanas — Login exitoso: admin@patitassanas.com (rol=admin)
2026-05-21 14:44:26,684 [INFO] patitas_sanas — Agenda consultada por admin@patitassanas.com (rol=admin) — fecha=2026-05-31 — 0 turnos
2026-05-21 14:44:27,046 [INFO] patitas_sanas — Login exitoso: admin@patitassanas.com (rol=admin)
2026-05-21 14:44:27,047 [INFO] patitas_sanas — Agenda consultada por admin@patitassanas.com (rol=admin) — fecha=2026-05-30 — 0 turnos
2026-05-21 14:44:27,350 [INFO] patitas_sanas — Login exitoso: admin@patitassanas.com (rol=admin)
2026-05-21 14:44:27,351 [INFO] patitas_sanas — Agenda consultada por admin@patitassanas.com (rol=admin) — fecha=2026-05-29 — 0 turnos
2026-05-21 14:44:27,569 [INFO] patitas_sanas — Login exitoso: admin@patitassanas.com (rol=admin)
2026-05-21 14:44:27,571 [INFO] patitas_sanas — Agenda consultada por admin@patitassanas.com (rol=admin) — fecha=2026-05-28 — 0 turnos
2026-05-21 14:44:27,837 [INFO] patitas_sanas — Login exitoso: admin@patitassanas.com (rol=admin)
2026-05-21 14:44:27,838 [INFO] patitas_sanas — Agenda consultada por admin@patitassanas.com (rol=admin) — fecha=2026-05-27 — 0 turnos
2026-05-21 14:44:28,015 [INFO] patitas_sanas — Login exitoso: admin@patitassanas.com (rol=admin)
2026-05-21 14:44:28,016 [INFO] patitas_sanas — Agenda consultada por admin@patitassanas.com (rol=admin) — fecha=2026-05-26 — 0 turnos
2026-05-21 14:44:28,169 [INFO] patitas_sanas — Login exitoso: admin@patitassanas.com (rol=admin)
2026-05-21 14:44:28,170 [INFO] patitas_sanas — Agenda consultada por admin@patitassanas.com (rol=admin) — fecha=2026-05-25 — 0 turnos
2026-05-21 14:44:28,339 [INFO] patitas_sanas — Login exitoso: admin@patitassanas.com (rol=admin)
2026-05-21 14:44:28,340 [INFO] patitas_sanas — Agenda consultada por admin@patitassanas.com (rol=admin) — fecha=2026-05-24 — 1 turnos
2026-05-21 14:44:28,669 [INFO] patitas_sanas — Login exitoso: admin@patitassanas.com (rol=admin)
2026-05-21 14:44:28,670 [INFO] patitas_sanas — Agenda consultada por admin@patitassanas.com (rol=admin) — fecha=2026-05-23 — 0 turnos
2026-05-21 14:44:28,912 [INFO] patitas_sanas — Login exitoso: admin@patitassanas.com (rol=admin)
2026-05-21 14:44:28,913 [INFO] patitas_sanas — Agenda consultada por admin@patitassanas.com (rol=admin) — fecha=2026-05-22 — 0 turnos
2026-05-21 14:44:29,074 [INFO] patitas_sanas — Login exitoso: admin@patitassanas.com (rol=admin)
2026-05-21 14:44:29,075 [INFO] patitas_sanas — Agenda consultada por admin@patitassanas.com (rol=admin) — fecha=2026-05-21 — 0 turnos
2026-05-21 14:44:29,254 [INFO] patitas_sanas — Login exitoso: admin@patitassanas.com (rol=admin)
2026-05-21 14:44:29,255 [INFO] patitas_sanas — Agenda consultada por admin@patitassanas.com (rol=admin) — fecha=2026-05-20 — 0 turnos
2026-05-21 14:44:29,474 [INFO] patitas_sanas — Login exitoso: admin@patitassanas.com (rol=admin)
2026-05-21 14:44:29,475 [INFO] patitas_sanas — Agenda consultada por admin@patitassanas.com (rol=admin) — fecha=2026-05-19 — 0 turnos
2026-05-21 14:44:29,846 [INFO] patitas_sanas — Login exitoso: admin@patitassanas.com (rol=admin)
2026-05-21 14:44:29,847 [INFO] patitas_sanas — Agenda consultada por admin@patitassanas.com (rol=admin) — fecha=2026-05-18 — 0 turnos
2026-05-21 14:44:30,024 [INFO] patitas_sanas — Login exitoso: admin@patitassanas.com (rol=admin)
2026-05-21 14:44:30,026 [INFO] patitas_sanas — Agenda consultada por admin@patitassanas.com (rol=admin) — fecha=2026-05-17 — 0 turnos
2026-05-21 14:44:30,227 [INFO] patitas_sanas — Login exitoso: admin@patitassanas.com (rol=admin)
2026-05-21 14:44:30,228 [INFO] patitas_sanas — Agenda consultada por admin@patitassanas.com (rol=admin) — fecha=2026-05-16 — 0 turnos
2026-05-21 14:44:30,387 [INFO] patitas_sanas — Login exitoso: admin@patitassanas.com (rol=admin)
2026-05-21 14:44:30,388 [INFO] patitas_sanas — Agenda consultada por admin@patitassanas.com (rol=admin) — fecha=2026-05-15 — 0 turnos
2026-05-21 14:45:05,749 [INFO] patitas_sanas — Login exitoso: admin@patitassanas.com (rol=admin)
2026-05-21 14:45:05,753 [INFO] patitas_sanas — Turno reservado: id=tur-f9a9b5a8 cliente=usr-003 vet=usr-002 fecha=2026-05-23 09:30-10:00
2026-05-21 14:45:05,754 [INFO] patitas_sanas — [EMAIL SIMULADO] tipo=confirmacion para=admin@patitassanas.com turno=tur-f9a9b5a8 msg='Su turno con Dra. Sofía Ramos el 2026-05-23 a las 09:30 fue confirmado.'
2026-05-21 14:45:05,755 [INFO] patitas_sanas — [EMAIL SIMULADO] tipo=recordatorio para=admin@patitassanas.com turno=tur-f9a9b5a8 msg='Recordatorio: mañana tiene turno a las 09:30 con Dra. Sofía Ramos.'
2026-05-21 14:45:05,870 [INFO] watchfiles.main — 2 changes detected
2026-05-21 14:45:10,398 [INFO] patitas_sanas — Login exitoso: admin@patitassanas.com (rol=admin)
2026-05-21 14:45:10,400 [INFO] patitas_sanas — Agenda consultada por admin@patitassanas.com (rol=admin) — fecha=2026-05-21 — 0 turnos
2026-05-21 14:45:11,569 [INFO] patitas_sanas — Login exitoso: admin@patitassanas.com (rol=admin)
2026-05-21 14:45:11,571 [INFO] patitas_sanas — Agenda consultada por admin@patitassanas.com (rol=admin) — fecha=2026-05-22 — 0 turnos
2026-05-21 14:45:11,997 [INFO] patitas_sanas — Login exitoso: admin@patitassanas.com (rol=admin)
2026-05-21 14:45:11,999 [INFO] patitas_sanas — Agenda consultada por admin@patitassanas.com (rol=admin) — fecha=2026-05-23 — 1 turnos
2026-05-21 14:45:12,311 [INFO] patitas_sanas — Login exitoso: admin@patitassanas.com (rol=admin)
2026-05-21 14:45:12,313 [INFO] patitas_sanas — Agenda consultada por admin@patitassanas.com (rol=admin) — fecha=2026-05-24 — 1 turnos
2026-05-21 14:45:13,107 [INFO] patitas_sanas — Login exitoso: admin@patitassanas.com (rol=admin)
2026-05-21 14:45:13,108 [INFO] patitas_sanas — Agenda consultada por admin@patitassanas.com (rol=admin) — fecha=2026-05-23 — 1 turnos
2026-05-21 14:45:18,113 [INFO] patitas_sanas — Login exitoso: admin@patitassanas.com (rol=admin)
2026-05-21 14:45:18,115 [INFO] patitas_sanas — Agenda consultada por admin@patitassanas.com (rol=admin) — fecha=2026-05-24 — 1 turnos
2026-05-21 14:45:18,547 [INFO] patitas_sanas — Login exitoso: admin@patitassanas.com (rol=admin)
2026-05-21 14:45:18,548 [INFO] patitas_sanas — Agenda consultada por admin@patitassanas.com (rol=admin) — fecha=2026-05-25 — 0 turnos
2026-05-21 14:45:19,414 [INFO] patitas_sanas — Login exitoso: admin@patitassanas.com (rol=admin)
2026-05-21 14:45:19,416 [INFO] patitas_sanas — Agenda consultada por admin@patitassanas.com (rol=admin) — fecha=2026-05-24 — 1 turnos
2026-05-21 14:45:20,698 [INFO] patitas_sanas — Login exitoso: admin@patitassanas.com (rol=admin)
2026-05-21 14:45:20,700 [INFO] patitas_sanas — Agenda consultada por admin@patitassanas.com (rol=admin) — fecha=2026-05-23 — 1 turnos
2026-05-21 14:50:54,920 [INFO] watchfiles.main — 1 change detected
2026-05-21 14:50:55,457 [INFO] watchfiles.main — 1 change detected
2026-05-21 14:50:56,081 [INFO] watchfiles.main — 1 change detected
2026-05-21 14:50:56,359 [INFO] patitas_sanas — Patitas Sanas API iniciada. Archivos JSON inicializados.
2026-05-21 14:50:56,443 [INFO] watchfiles.main — 3 changes detected
2026-05-21 15:14:32,636 [INFO] patitas_sanas — Patitas Sanas API iniciada. Archivos JSON inicializados.
2026-05-21 15:17:46,516 [INFO] watchfiles.main — 1 change detected
2026-05-21 15:21:58,777 [INFO] watchfiles.main — 1 change detected
2026-05-21 15:22:00,046 [INFO] watchfiles.main — 1 change detected
2026-05-21 15:24:12,015 [INFO] watchfiles.main — 1 change detected
2026-05-21 15:24:12,524 [INFO] watchfiles.main — 4 changes detected
2026-05-21 15:24:12,569 [INFO] patitas_sanas — Patitas Sanas API iniciada. Archivos JSON inicializados.
2026-05-21 15:24:13,896 [INFO] watchfiles.main — 1 change detected
2026-05-21 15:24:14,314 [INFO] patitas_sanas — Patitas Sanas API iniciada. Archivos JSON inicializados.
2026-05-21 15:24:14,447 [INFO] watchfiles.main — 4 changes detected
2026-05-21 15:24:16,631 [INFO] watchfiles.main — 1 change detected
2026-05-21 15:24:16,976 [INFO] patitas_sanas — Patitas Sanas API iniciada. Archivos JSON inicializados.
2026-05-21 15:24:17,117 [INFO] watchfiles.main — 4 changes detected
2026-05-21 15:25:03,026 [INFO] patitas_sanas — Patitas Sanas API iniciada. Archivos JSON inicializados.
2026-05-21 15:27:12,014 [INFO] watchfiles.main — 1 change detected
2026-05-21 15:27:12,601 [INFO] watchfiles.main — 1 change detected
2026-05-21 15:27:18,318 [INFO] watchfiles.main — 1 change detected
2026-05-21 15:27:18,625 [INFO] patitas_sanas — Patitas Sanas API iniciada. Archivos JSON inicializados.
2026-05-21 15:27:18,678 [INFO] watchfiles.main — 3 changes detected
2026-05-21 15:27:20,434 [INFO] watchfiles.main — 1 change detected
2026-05-21 15:27:20,782 [INFO] patitas_sanas — Patitas Sanas API iniciada. Archivos JSON inicializados.
2026-05-21 15:27:20,911 [INFO] watchfiles.main — 4 changes detected
2026-05-21 15:28:26,649 [INFO] watchfiles.main — 1 change detected
2026-05-21 15:28:27,158 [INFO] watchfiles.main — 1 change detected
2026-05-21 15:28:31,683 [INFO] watchfiles.main — 1 change detected
2026-05-21 15:28:34,822 [INFO] watchfiles.main — 1 change detected
2026-05-21 15:28:40,704 [INFO] watchfiles.main — 2 changes detected
2026-05-21 15:28:41,062 [INFO] watchfiles.main — 3 changes detected
2026-05-21 15:28:41,076 [INFO] patitas_sanas — Patitas Sanas API iniciada. Archivos JSON inicializados.
2026-05-21 15:28:43,627 [INFO] watchfiles.main — 2 changes detected
2026-05-21 15:29:00,136 [INFO] watchfiles.main — 1 change detected
2026-05-21 15:29:00,502 [INFO] watchfiles.main — 1 change detected
2026-05-21 15:29:05,091 [INFO] watchfiles.main — 2 changes detected
2026-05-21 15:29:05,455 [INFO] watchfiles.main — 1 change detected
2026-05-21 15:29:15,850 [INFO] watchfiles.main — 1 change detected
2026-05-21 15:29:16,403 [INFO] watchfiles.main — 1 change detected
2026-05-21 15:29:16,451 [INFO] patitas_sanas — Patitas Sanas API iniciada. Archivos JSON inicializados.
2026-05-21 15:30:29,652 [INFO] patitas_sanas — Patitas Sanas API iniciada. Archivos JSON inicializados.
2026-05-21 15:30:34,580 [INFO] watchfiles.main — 1 change detected
2026-05-21 15:30:47,058 [INFO] patitas_sanas — Login POST exitoso: admin@patitassanas.com (rol=admin)
2026-05-21 15:30:47,090 [INFO] patitas_sanas — Login exitoso: admin@patitassanas.com (rol=admin)
2026-05-21 15:30:47,091 [INFO] patitas_sanas — Agenda consultada por admin@patitassanas.com (rol=admin) — fecha=2026-05-21 — 0 turnos
2026-05-21 15:30:48,441 [INFO] patitas_sanas — Login exitoso: admin@patitassanas.com (rol=admin)
2026-05-21 15:30:48,442 [INFO] patitas_sanas — Login exitoso: admin@patitassanas.com (rol=admin)
2026-05-21 15:30:52,918 [INFO] patitas_sanas — Login exitoso: admin@patitassanas.com (rol=admin)
2026-05-21 15:30:52,918 [INFO] patitas_sanas — Login exitoso: admin@patitassanas.com (rol=admin)
2026-05-21 15:40:21,775 [INFO] watchfiles.main — 1 change detected
2026-05-21 15:40:22,360 [INFO] watchfiles.main — 1 change detected
2026-05-21 15:40:23,421 [INFO] watchfiles.main — 2 changes detected
2026-05-21 15:40:28,430 [INFO] watchfiles.main — 1 change detected
2026-05-21 15:40:53,606 [INFO] watchfiles.main — 2 changes detected
2026-05-21 15:41:36,628 [INFO] patitas_sanas — Patitas Sanas API iniciada. Archivos JSON inicializados.
2026-05-21 15:41:42,725 [INFO] watchfiles.main — 1 change detected
2026-05-21 15:41:44,526 [INFO] patitas_sanas — Login exitoso: admin@patitassanas.com (rol=admin)
2026-05-21 15:41:44,527 [INFO] patitas_sanas — Agenda consultada por admin@patitassanas.com (rol=admin) — fecha=2026-05-21 — 0 turnos
2026-05-21 15:41:46,706 [INFO] patitas_sanas — Login exitoso: admin@patitassanas.com (rol=admin)
2026-05-21 15:41:46,707 [INFO] patitas_sanas — Agenda consultada por admin@patitassanas.com (rol=admin) — fecha=2026-05-21 — 0 turnos
2026-05-21 15:41:48,272 [INFO] patitas_sanas — Login exitoso: admin@patitassanas.com (rol=admin)
2026-05-21 15:41:48,274 [INFO] patitas_sanas — Agenda consultada por admin@patitassanas.com (rol=admin) — fecha=2026-05-21 — 0 turnos
2026-05-21 15:41:53,715 [INFO] patitas_sanas — Login exitoso: admin@patitassanas.com (rol=admin)
2026-05-21 15:41:53,716 [INFO] patitas_sanas — Agenda consultada por admin@patitassanas.com (rol=admin) — fecha=2026-05-21 — 0 turnos
2026-05-21 15:41:56,215 [INFO] patitas_sanas — Login exitoso: admin@patitassanas.com (rol=admin)
2026-05-21 15:41:56,216 [INFO] patitas_sanas — Agenda consultada por admin@patitassanas.com (rol=admin) — fecha=2026-05-21 — 0 turnos
2026-05-21 15:42:07,555 [INFO] patitas_sanas — Login POST exitoso: admin@patitassanas.com (rol=admin)
2026-05-21 15:42:07,562 [INFO] patitas_sanas — Login exitoso: admin@patitassanas.com (rol=admin)
2026-05-21 15:42:07,564 [INFO] patitas_sanas — Agenda consultada por admin@patitassanas.com (rol=admin) — fecha=2026-05-21 — 0 turnos
2026-05-21 15:42:08,699 [INFO] patitas_sanas — Login exitoso: admin@patitassanas.com (rol=admin)
2026-05-21 15:42:08,702 [INFO] patitas_sanas — Login exitoso: admin@patitassanas.com (rol=admin)
2026-05-21 15:42:10,139 [INFO] patitas_sanas — Login exitoso: admin@patitassanas.com (rol=admin)
2026-05-21 15:42:10,139 [INFO] patitas_sanas — Login exitoso: admin@patitassanas.com (rol=admin)
2026-05-21 15:42:42,769 [INFO] patitas_sanas — Nuevo usuario registrado: iara@gmail.com (id=usr-2a279cc3)
2026-05-21 15:42:42,848 [INFO] watchfiles.main — 1 change detected
2026-05-21 15:42:45,279 [INFO] patitas_sanas — Login exitoso: admin@patitassanas.com (rol=admin)
2026-05-21 15:42:45,280 [INFO] patitas_sanas — Login exitoso: admin@patitassanas.com (rol=admin)
2026-05-21 15:42:47,683 [INFO] patitas_sanas — Login exitoso: admin@patitassanas.com (rol=admin)
2026-05-21 15:42:47,686 [INFO] patitas_sanas — Agenda consultada por admin@patitassanas.com (rol=admin) — fecha=2026-05-21 — 0 turnos
2026-05-21 15:42:48,452 [INFO] patitas_sanas — Login exitoso: admin@patitassanas.com (rol=admin)
2026-05-21 15:42:48,452 [INFO] patitas_sanas — Login exitoso: admin@patitassanas.com (rol=admin)
2026-05-21 15:42:48,806 [INFO] patitas_sanas — Login exitoso: admin@patitassanas.com (rol=admin)
2026-05-21 15:42:48,807 [INFO] patitas_sanas — Login exitoso: admin@patitassanas.com (rol=admin)
2026-05-21 15:42:48,977 [INFO] patitas_sanas — Login exitoso: admin@patitassanas.com (rol=admin)
2026-05-21 15:42:48,977 [INFO] patitas_sanas — Login exitoso: admin@patitassanas.com (rol=admin)
2026-05-21 15:42:49,178 [INFO] patitas_sanas — Login exitoso: admin@patitassanas.com (rol=admin)
2026-05-21 15:42:49,178 [INFO] patitas_sanas — Login exitoso: admin@patitassanas.com (rol=admin)
2026-05-21 15:42:54,307 [INFO] patitas_sanas — Login exitoso: admin@patitassanas.com (rol=admin)
2026-05-21 15:42:54,307 [INFO] patitas_sanas — Login exitoso: admin@patitassanas.com (rol=admin)
2026-05-21 15:43:34,566 [INFO] patitas_sanas — Login exitoso: admin@patitassanas.com (rol=admin)
2026-05-21 15:43:34,572 [INFO] patitas_sanas — Turno reservado: id=tur-cdba3e73 cliente=usr-003 vet=usr-001 fecha=2026-05-26 09:30-10:00
2026-05-21 15:43:34,573 [INFO] patitas_sanas — [EMAIL SIMULADO] tipo=confirmacion para=admin@patitassanas.com turno=tur-cdba3e73 msg='Su turno con Dr. Martín López el 2026-05-26 a las 09:30 fue confirmado.'
2026-05-21 15:43:34,583 [INFO] patitas_sanas — [EMAIL SIMULADO] tipo=recordatorio para=admin@patitassanas.com turno=tur-cdba3e73 msg='Recordatorio: mañana tiene turno a las 09:30 con Dr. Martín López.'
2026-05-21 15:43:34,641 [INFO] watchfiles.main — 2 changes detected
2026-05-21 15:43:42,501 [INFO] patitas_sanas — Login exitoso: admin@patitassanas.com (rol=admin)
2026-05-21 15:43:42,504 [INFO] patitas_sanas — Agenda consultada por admin@patitassanas.com (rol=admin) — fecha=2026-05-21 — 0 turnos
2026-05-21 15:43:43,676 [INFO] patitas_sanas — Login exitoso: admin@patitassanas.com (rol=admin)
2026-05-21 15:43:43,678 [INFO] patitas_sanas — Agenda consultada por admin@patitassanas.com (rol=admin) — fecha=2026-05-21 — 0 turnos
2026-05-21 15:43:44,395 [INFO] patitas_sanas — Login exitoso: admin@patitassanas.com (rol=admin)
2026-05-21 15:43:44,396 [INFO] patitas_sanas — Agenda consultada por admin@patitassanas.com (rol=admin) — fecha=2026-05-22 — 0 turnos
2026-05-21 15:43:44,620 [INFO] patitas_sanas — Login exitoso: admin@patitassanas.com (rol=admin)
2026-05-21 15:43:44,622 [INFO] patitas_sanas — Agenda consultada por admin@patitassanas.com (rol=admin) — fecha=2026-05-23 — 1 turnos
2026-05-21 15:43:44,773 [INFO] patitas_sanas — Login exitoso: admin@patitassanas.com (rol=admin)
2026-05-21 15:43:44,774 [INFO] patitas_sanas — Agenda consultada por admin@patitassanas.com (rol=admin) — fecha=2026-05-24 — 1 turnos
2026-05-21 15:43:45,499 [INFO] patitas_sanas — Login exitoso: admin@patitassanas.com (rol=admin)
2026-05-21 15:43:45,500 [INFO] patitas_sanas — Agenda consultada por admin@patitassanas.com (rol=admin) — fecha=2026-05-25 — 0 turnos
2026-05-21 15:43:46,349 [INFO] patitas_sanas — Login exitoso: admin@patitassanas.com (rol=admin)
2026-05-21 15:43:46,350 [INFO] patitas_sanas — Agenda consultada por admin@patitassanas.com (rol=admin) — fecha=2026-05-26 — 1 turnos
2026-05-21 15:45:23,952 [INFO] watchfiles.main — 1 change detected
2026-05-21 15:45:26,393 [INFO] watchfiles.main — 1 change detected
2026-05-22 13:56:39,878 [INFO] patitas_sanas — Patitas Sanas API iniciada. Archivos JSON inicializados.
2026-05-22 13:56:43,572 [INFO] patitas_sanas — Login exitoso: admin@patitassanas.com (rol=admin)
2026-05-22 13:56:43,573 [INFO] patitas_sanas — Agenda consultada por admin@patitassanas.com (rol=admin) — fecha=2026-05-22 — 0 turnos
2026-05-22 13:56:57,819 [INFO] patitas_sanas — Login POST exitoso: admin@patitassanas.com (rol=admin)
2026-05-22 13:56:57,824 [INFO] patitas_sanas — Login exitoso: admin@patitassanas.com (rol=admin)
2026-05-22 13:56:57,825 [INFO] patitas_sanas — Agenda consultada por admin@patitassanas.com (rol=admin) — fecha=2026-05-22 — 0 turnos
2026-05-22 13:56:59,013 [INFO] patitas_sanas — Login exitoso: admin@patitassanas.com (rol=admin)
2026-05-22 13:56:59,017 [INFO] patitas_sanas — Login exitoso: admin@patitassanas.com (rol=admin)
2026-05-22 13:57:01,767 [INFO] patitas_sanas — Login exitoso: admin@patitassanas.com (rol=admin)
2026-05-22 13:57:01,768 [INFO] patitas_sanas — Login exitoso: admin@patitassanas.com (rol=admin)
2026-05-22 13:57:43,335 [INFO] patitas_sanas — Nuevo usuario registrado: pau@gmail.com (id=usr-ef38555f)
2026-05-22 13:57:43,449 [INFO] watchfiles.main — 1 change detected
2026-05-22 13:57:45,847 [INFO] patitas_sanas — Login exitoso: admin@patitassanas.com (rol=admin)
2026-05-22 13:57:45,849 [INFO] patitas_sanas — Login exitoso: admin@patitassanas.com (rol=admin)
2026-06-11 15:10:47,267 [INFO] patitas_sanas — Patitas Sanas API iniciada. Archivos JSON inicializados.
2026-06-11 15:13:47,891 [INFO] patitas_sanas — Patitas Sanas API iniciada. Archivos JSON inicializados.
2026-06-11 15:14:07,411 [INFO] patitas_sanas — Login POST exitoso: admin@patitassanas.com (rol=admin)
2026-06-11 15:14:07,462 [INFO] patitas_sanas — Login exitoso: admin@patitassanas.com (rol=admin)
2026-06-11 15:14:07,462 [INFO] patitas_sanas — Login exitoso: admin@patitassanas.com (rol=admin)
2026-06-11 15:14:07,464 [INFO] patitas_sanas — Agenda consultada por admin@patitassanas.com (rol=admin) — fecha=2026-06-11 — 0 turnos
2026-06-11 15:14:07,464 [INFO] patitas_sanas — Agenda consultada por admin@patitassanas.com (rol=admin) — fecha=2026-06-11 — 0 turnos
2026-06-11 15:14:09,087 [INFO] patitas_sanas — Login exitoso: admin@patitassanas.com (rol=admin)
2026-06-11 15:14:09,087 [INFO] patitas_sanas — Login exitoso: admin@patitassanas.com (rol=admin)
2026-06-11 15:14:13,992 [INFO] patitas_sanas — Login exitoso: admin@patitassanas.com (rol=admin)
2026-06-11 15:14:13,993 [INFO] patitas_sanas — Login exitoso: admin@patitassanas.com (rol=admin)
2026-06-11 15:14:13,996 [INFO] patitas_sanas — Agenda consultada por admin@patitassanas.com (rol=admin) — fecha=2026-06-11 — 0 turnos
2026-06-11 15:14:13,996 [INFO] patitas_sanas — Agenda consultada por admin@patitassanas.com (rol=admin) — fecha=2026-06-11 — 0 turnos
2026-06-11 15:14:14,854 [INFO] patitas_sanas — Login exitoso: admin@patitassanas.com (rol=admin)
2026-06-11 15:14:14,854 [INFO] patitas_sanas — Login exitoso: admin@patitassanas.com (rol=admin)
2026-06-11 15:14:17,351 [INFO] patitas_sanas — Login exitoso: admin@patitassanas.com (rol=admin)
2026-06-11 15:14:17,351 [INFO] patitas_sanas — Login exitoso: admin@patitassanas.com (rol=admin)
2026-06-11 15:14:17,353 [INFO] patitas_sanas — Agenda consultada por admin@patitassanas.com (rol=admin) — fecha=2026-06-11 — 0 turnos
2026-06-11 15:14:17,353 [INFO] patitas_sanas — Agenda consultada por admin@patitassanas.com (rol=admin) — fecha=2026-06-11 — 0 turnos
2026-06-11 15:14:18,765 [INFO] patitas_sanas — Login exitoso: admin@patitassanas.com (rol=admin)
2026-06-11 15:14:18,765 [INFO] patitas_sanas — Login exitoso: admin@patitassanas.com (rol=admin)
2026-06-11 15:14:49,623 [INFO] patitas_sanas — Nuevo usuario registrado: juan@gmail.com (id=usr-1e3de19f)
2026-06-11 15:14:49,635 [INFO] patitas_sanas — Login exitoso: admin@patitassanas.com (rol=admin)
2026-06-11 15:14:49,638 [INFO] patitas_sanas — Mascota registrada: id=mas-8e414fac nombre='firulaisss' especie=Ave propietario=usr-1e3de19f por usuario=usr-003
2026-06-11 15:14:49,646 [INFO] patitas_sanas — Login exitoso: admin@patitassanas.com (rol=admin)
2026-06-11 15:14:49,654 [INFO] patitas_sanas — Login exitoso: admin@patitassanas.com (rol=admin)
2026-06-11 15:14:49,753 [INFO] watchfiles.main — 2 changes detected
2026-06-11 15:14:52,036 [INFO] patitas_sanas — Login exitoso: admin@patitassanas.com (rol=admin)
2026-06-11 15:14:52,036 [INFO] patitas_sanas — Login exitoso: admin@patitassanas.com (rol=admin)
2026-06-11 15:14:58,393 [INFO] patitas_sanas — Login exitoso: admin@patitassanas.com (rol=admin)
2026-06-11 15:14:58,397 [INFO] patitas_sanas — Login exitoso: admin@patitassanas.com (rol=admin)
2026-06-11 15:14:58,397 [INFO] patitas_sanas — Agenda consultada por admin@patitassanas.com (rol=admin) — fecha=2026-06-11 — 0 turnos
2026-06-11 15:14:58,400 [INFO] patitas_sanas — Agenda consultada por admin@patitassanas.com (rol=admin) — fecha=2026-06-11 — 0 turnos
2026-06-11 15:15:14,479 [INFO] patitas_sanas — Login POST exitoso: juan@gmail.com (rol=cliente)
2026-06-11 15:15:14,507 [INFO] patitas_sanas — Login exitoso: juan@gmail.com (rol=cliente)
2026-06-11 15:15:14,507 [INFO] patitas_sanas — Login exitoso: juan@gmail.com (rol=cliente)
2026-06-11 15:15:30,171 [INFO] patitas_sanas — Login POST exitoso: martin.lopez@patitassanas.com (rol=veterinario)
2026-06-11 15:15:30,198 [INFO] patitas_sanas — Login exitoso: martin.lopez@patitassanas.com (rol=veterinario)
2026-06-11 15:15:30,199 [INFO] patitas_sanas — Login exitoso: martin.lopez@patitassanas.com (rol=veterinario)
2026-06-11 15:15:30,221 [INFO] patitas_sanas — Agenda consultada por martin.lopez@patitassanas.com (rol=veterinario) — fecha=2026-06-11 — 0 turnos
2026-06-11 15:15:30,222 [INFO] patitas_sanas — Agenda consultada por martin.lopez@patitassanas.com (rol=veterinario) — fecha=2026-06-11 — 0 turnos
2026-06-11 15:15:31,308 [INFO] patitas_sanas — Login exitoso: martin.lopez@patitassanas.com (rol=veterinario)
2026-06-11 15:15:31,308 [INFO] patitas_sanas — Login exitoso: martin.lopez@patitassanas.com (rol=veterinario)
2026-06-11 15:15:34,209 [INFO] patitas_sanas — Login exitoso: martin.lopez@patitassanas.com (rol=veterinario)
2026-06-11 15:15:34,209 [INFO] patitas_sanas — Login exitoso: martin.lopez@patitassanas.com (rol=veterinario)
2026-06-11 15:15:35,132 [INFO] patitas_sanas — Login exitoso: martin.lopez@patitassanas.com (rol=veterinario)
2026-06-11 15:15:35,132 [INFO] patitas_sanas — Login exitoso: martin.lopez@patitassanas.com (rol=veterinario)
2026-06-11 15:16:57,434 [WARNING] patitas_sanas — Registro fallido — email ya existe: iara@gmail.com
2026-06-11 15:16:57,465 [WARNING] patitas_sanas — Login POST fallido: iara@gmail.com
2026-06-11 15:16:59,663 [WARNING] patitas_sanas — Registro fallido — email ya existe: iara@gmail.com
2026-06-11 15:16:59,676 [WARNING] patitas_sanas — Login POST fallido: iara@gmail.com
2026-06-11 15:17:00,083 [WARNING] patitas_sanas — Registro fallido — email ya existe: iara@gmail.com
2026-06-11 15:17:00,096 [WARNING] patitas_sanas — Login POST fallido: iara@gmail.com
2026-06-11 15:17:00,249 [WARNING] patitas_sanas — Registro fallido — email ya existe: iara@gmail.com
2026-06-11 15:17:00,260 [WARNING] patitas_sanas — Login POST fallido: iara@gmail.com
2026-06-11 15:36:14,557 [WARNING] patitas_sanas — Registro fallido — email ya existe: iara@gmail.com
2026-06-11 15:36:14,577 [WARNING] patitas_sanas — Login POST fallido: iara@gmail.com
2026-06-11 15:36:18,902 [WARNING] patitas_sanas — Registro fallido — email ya existe: iara@gmail.com
2026-06-11 15:36:18,911 [WARNING] patitas_sanas — Login POST fallido: iara@gmail.com
2026-06-11 15:36:19,774 [WARNING] patitas_sanas — Registro fallido — email ya existe: iara@gmail.com
2026-06-11 15:36:19,782 [WARNING] patitas_sanas — Login POST fallido: iara@gmail.com
2026-06-11 15:36:43,762 [INFO] patitas_sanas — Login POST exitoso: carlos.gomez@gmail.com (rol=cliente)
2026-06-11 15:36:43,793 [INFO] patitas_sanas — Login exitoso: carlos.gomez@gmail.com (rol=cliente)
2026-06-11 15:36:43,793 [INFO] patitas_sanas — Login exitoso: carlos.gomez@gmail.com (rol=cliente)
2026-06-11 16:41:37,353 [INFO] patitas_sanas — Login POST exitoso: admin@patitassanas.com (rol=admin)
2026-06-11 16:41:37,475 [INFO] patitas_sanas — Login exitoso: admin@patitassanas.com (rol=admin)
2026-06-11 16:41:37,475 [INFO] patitas_sanas — Login exitoso: admin@patitassanas.com (rol=admin)
2026-06-11 16:41:37,481 [INFO] patitas_sanas — Agenda consultada por admin@patitassanas.com (rol=admin) — fecha=2026-06-11 — 0 turnos
2026-06-11 16:41:37,481 [INFO] patitas_sanas — Agenda consultada por admin@patitassanas.com (rol=admin) — fecha=2026-06-11 — 0 turnos
2026-06-11 16:41:38,751 [INFO] patitas_sanas — Login exitoso: admin@patitassanas.com (rol=admin)
2026-06-11 16:41:38,751 [INFO] patitas_sanas — Login exitoso: admin@patitassanas.com (rol=admin)
2026-06-11 17:01:22,273 [INFO] patitas_sanas — Patitas Sanas API iniciada. Archivos JSON inicializados.
2026-06-11 17:01:37,672 [INFO] patitas_sanas — Login POST exitoso: admin@patitassanas.com (rol=admin)
2026-06-11 17:01:37,719 [INFO] patitas_sanas — Login exitoso: admin@patitassanas.com (rol=admin)
2026-06-11 17:01:37,732 [INFO] patitas_sanas — Agenda consultada por admin@patitassanas.com (rol=admin) — fecha=2026-06-11 — 0 turnos
2026-06-11 17:01:37,733 [INFO] patitas_sanas — Login exitoso: admin@patitassanas.com (rol=admin)
2026-06-11 17:01:37,734 [INFO] patitas_sanas — Agenda consultada por admin@patitassanas.com (rol=admin) — fecha=2026-06-11 — 0 turnos
2026-06-11 17:01:38,920 [INFO] patitas_sanas — Login exitoso: admin@patitassanas.com (rol=admin)
2026-06-11 17:01:38,923 [INFO] patitas_sanas — Login exitoso: admin@patitassanas.com (rol=admin)
2026-06-11 17:01:43,746 [INFO] patitas_sanas — Login exitoso: admin@patitassanas.com (rol=admin)
2026-06-11 17:01:43,747 [INFO] patitas_sanas — Login exitoso: admin@patitassanas.com (rol=admin)
2026-06-11 17:01:43,749 [INFO] patitas_sanas — Historial consultado: mascota=mas-001 por usuario=usr-003
2026-06-11 17:01:43,749 [INFO] patitas_sanas — Historial consultado: mascota=mas-001 por usuario=usr-003
2026-06-11 17:01:54,809 [INFO] patitas_sanas — Login exitoso: admin@patitassanas.com (rol=admin)
2026-06-11 17:01:54,810 [INFO] patitas_sanas — Login exitoso: admin@patitassanas.com (rol=admin)
2026-06-11 17:01:54,812 [INFO] patitas_sanas — Agenda consultada por admin@patitassanas.com (rol=admin) — fecha=2026-06-11 — 0 turnos
2026-06-11 17:01:54,813 [INFO] patitas_sanas — Agenda consultada por admin@patitassanas.com (rol=admin) — fecha=2026-06-11 — 0 turnos
2026-06-11 17:01:56,549 [INFO] patitas_sanas — Login exitoso: admin@patitassanas.com (rol=admin)
2026-06-11 17:01:56,553 [INFO] patitas_sanas — Login exitoso: admin@patitassanas.com (rol=admin)
2026-06-11 17:01:57,816 [INFO] patitas_sanas — Login exitoso: admin@patitassanas.com (rol=admin)
2026-06-11 17:01:57,816 [INFO] patitas_sanas — Historial consultado: mascota=mas-8e414fac por usuario=usr-003
2026-06-11 17:01:57,817 [INFO] patitas_sanas — Login exitoso: admin@patitassanas.com (rol=admin)
2026-06-11 17:01:57,818 [INFO] patitas_sanas — Historial consultado: mascota=mas-8e414fac por usuario=usr-003
2026-06-11 17:02:15,017 [INFO] patitas_sanas — Login exitoso: admin@patitassanas.com (rol=admin)
2026-06-11 17:02:15,018 [INFO] patitas_sanas — Login exitoso: admin@patitassanas.com (rol=admin)
2026-06-11 17:02:15,021 [INFO] patitas_sanas — Agenda consultada por admin@patitassanas.com (rol=admin) — fecha=2026-06-11 — 0 turnos
2026-06-11 17:02:15,022 [INFO] patitas_sanas — Agenda consultada por admin@patitassanas.com (rol=admin) — fecha=2026-06-11 — 0 turnos
2026-06-11 17:02:17,034 [INFO] patitas_sanas — Login exitoso: admin@patitassanas.com (rol=admin)
2026-06-11 17:02:17,038 [INFO] patitas_sanas — Login exitoso: admin@patitassanas.com (rol=admin)
2026-06-11 17:02:18,449 [INFO] patitas_sanas — Login exitoso: admin@patitassanas.com (rol=admin)
2026-06-11 17:02:18,450 [INFO] patitas_sanas — Historial consultado: mascota=mas-8e414fac por usuario=usr-003
2026-06-11 17:02:18,451 [INFO] patitas_sanas — Login exitoso: admin@patitassanas.com (rol=admin)
2026-06-11 17:02:18,451 [INFO] patitas_sanas — Historial consultado: mascota=mas-8e414fac por usuario=usr-003
2026-06-11 17:02:21,382 [INFO] patitas_sanas — Login exitoso: admin@patitassanas.com (rol=admin)
2026-06-11 17:02:21,383 [INFO] patitas_sanas — Login exitoso: admin@patitassanas.com (rol=admin)
2026-06-11 17:02:21,384 [INFO] patitas_sanas — Agenda consultada por admin@patitassanas.com (rol=admin) — fecha=2026-06-11 — 0 turnos
2026-06-11 17:02:21,386 [INFO] patitas_sanas — Agenda consultada por admin@patitassanas.com (rol=admin) — fecha=2026-06-11 — 0 turnos
2026-06-11 17:02:53,209 [INFO] patitas_sanas — Nuevo usuario registrado: iarareale@gmail.com (id=usr-dad99bd6)
2026-06-11 17:02:53,228 [INFO] patitas_sanas — Login exitoso: admin@patitassanas.com (rol=admin)
2026-06-11 17:02:53,234 [INFO] patitas_sanas — Mascota registrada: id=mas-94b813e1 nombre='mish' especie=Gato propietario=usr-dad99bd6 por usuario=usr-003
2026-06-11 17:02:53,242 [INFO] patitas_sanas — Login exitoso: admin@patitassanas.com (rol=admin)
2026-06-11 17:02:53,254 [INFO] patitas_sanas — Login exitoso: admin@patitassanas.com (rol=admin)
2026-06-11 17:02:53,353 [INFO] watchfiles.main — 2 changes detected
2026-06-11 17:02:56,347 [INFO] patitas_sanas — Login exitoso: admin@patitassanas.com (rol=admin)
2026-06-11 17:02:56,354 [INFO] patitas_sanas — Login exitoso: admin@patitassanas.com (rol=admin)
2026-06-11 17:02:59,877 [INFO] patitas_sanas — Login exitoso: admin@patitassanas.com (rol=admin)
2026-06-11 17:02:59,878 [INFO] patitas_sanas — Login exitoso: admin@patitassanas.com (rol=admin)
2026-06-11 17:02:59,879 [INFO] patitas_sanas — Historial consultado: mascota=mas-94b813e1 por usuario=usr-003
2026-06-11 17:02:59,880 [INFO] patitas_sanas — Historial consultado: mascota=mas-94b813e1 por usuario=usr-003
2026-06-11 17:03:06,895 [INFO] patitas_sanas — Login exitoso: admin@patitassanas.com (rol=admin)
2026-06-11 17:03:06,896 [INFO] patitas_sanas — Login exitoso: admin@patitassanas.com (rol=admin)
2026-06-11 17:03:06,909 [INFO] patitas_sanas — Agenda consultada por admin@patitassanas.com (rol=admin) — fecha=2026-06-11 — 0 turnos
2026-06-11 17:03:06,909 [INFO] patitas_sanas — Agenda consultada por admin@patitassanas.com (rol=admin) — fecha=2026-06-11 — 0 turnos
2026-06-11 17:03:08,440 [INFO] patitas_sanas — Login exitoso: admin@patitassanas.com (rol=admin)
2026-06-11 17:03:08,444 [INFO] patitas_sanas — Login exitoso: admin@patitassanas.com (rol=admin)
2026-06-11 17:03:18,040 [INFO] patitas_sanas — Login POST exitoso: admin@patitassanas.com (rol=admin)
2026-06-11 17:03:18,095 [INFO] patitas_sanas — Login exitoso: admin@patitassanas.com (rol=admin)
2026-06-11 17:03:18,097 [INFO] patitas_sanas — Agenda consultada por admin@patitassanas.com (rol=admin) — fecha=2026-06-11 — 0 turnos
2026-06-11 17:03:18,103 [INFO] patitas_sanas — Login exitoso: admin@patitassanas.com (rol=admin)
2026-06-11 17:03:18,104 [INFO] patitas_sanas — Agenda consultada por admin@patitassanas.com (rol=admin) — fecha=2026-06-11 — 0 turnos
2026-06-11 17:03:18,778 [INFO] patitas_sanas — Login exitoso: admin@patitassanas.com (rol=admin)
2026-06-11 17:03:18,783 [INFO] patitas_sanas — Login exitoso: admin@patitassanas.com (rol=admin)
2026-06-11 17:04:09,635 [INFO] patitas_sanas — Nuevo usuario registrado: euge@gmail.com (id=usr-8d38d573)
2026-06-11 17:04:09,648 [INFO] patitas_sanas — Login exitoso: euge@gmail.com (rol=cliente)
2026-06-11 17:04:09,650 [INFO] patitas_sanas — Mascota registrada: id=mas-c89a9c6d nombre='violeta' especie=Perro propietario=usr-8d38d573 por usuario=usr-8d38d573
2026-06-11 17:04:09,663 [INFO] patitas_sanas — Login exitoso: euge@gmail.com (rol=cliente)
2026-06-11 17:04:09,667 [INFO] patitas_sanas — Turno reservado: id=tur-dd8b7669 cliente=usr-8d38d573 vet=usr-001 fecha=2026-06-12 09:00-09:30
2026-06-11 17:04:09,668 [INFO] patitas_sanas — [EMAIL SIMULADO] tipo=confirmacion para=euge@gmail.com turno=tur-dd8b7669 msg='Su turno con Dr. Martín López el 2026-06-12 a las 09:00 fue confirmado.'
2026-06-11 17:04:09,679 [INFO] patitas_sanas — [EMAIL SIMULADO] tipo=recordatorio para=euge@gmail.com turno=tur-dd8b7669 msg='Recordatorio: mañana tiene turno a las 09:00 con Dr. Martín López.'
2026-06-11 17:04:09,743 [INFO] watchfiles.main — 4 changes detected
2026-06-11 17:04:24,564 [INFO] patitas_sanas — Login POST exitoso: euge@gmail.com (rol=cliente)
2026-06-11 17:04:24,594 [INFO] patitas_sanas — Login exitoso: euge@gmail.com (rol=cliente)
2026-06-11 17:04:24,600 [INFO] patitas_sanas — Login exitoso: euge@gmail.com (rol=cliente)
2026-06-11 17:04:25,808 [INFO] patitas_sanas — Login exitoso: euge@gmail.com (rol=cliente)
2026-06-11 17:04:25,810 [INFO] patitas_sanas — Login exitoso: euge@gmail.com (rol=cliente)
2026-06-11 17:04:40,315 [INFO] patitas_sanas — Login POST exitoso: admin@patitassanas.com (rol=admin)
2026-06-11 17:04:40,346 [INFO] patitas_sanas — Login exitoso: admin@patitassanas.com (rol=admin)
2026-06-11 17:04:40,350 [INFO] patitas_sanas — Agenda consultada por admin@patitassanas.com (rol=admin) — fecha=2026-06-11 — 0 turnos
2026-06-11 17:04:40,352 [INFO] patitas_sanas — Login exitoso: admin@patitassanas.com (rol=admin)
2026-06-11 17:04:40,353 [INFO] patitas_sanas — Agenda consultada por admin@patitassanas.com (rol=admin) — fecha=2026-06-11 — 0 turnos
2026-06-11 17:04:41,432 [INFO] patitas_sanas — Login exitoso: admin@patitassanas.com (rol=admin)
2026-06-11 17:04:41,434 [INFO] patitas_sanas — Login exitoso: admin@patitassanas.com (rol=admin)
2026-06-11 17:04:44,382 [INFO] patitas_sanas — Login exitoso: admin@patitassanas.com (rol=admin)
2026-06-11 17:04:44,383 [INFO] patitas_sanas — Historial consultado: mascota=mas-c89a9c6d por usuario=usr-003
2026-06-11 17:04:44,388 [INFO] patitas_sanas — Login exitoso: admin@patitassanas.com (rol=admin)
2026-06-11 17:04:44,389 [INFO] patitas_sanas — Historial consultado: mascota=mas-c89a9c6d por usuario=usr-003
2026-06-11 17:05:23,056 [INFO] patitas_sanas — Login exitoso: admin@patitassanas.com (rol=admin)
2026-06-11 17:05:23,063 [INFO] patitas_sanas — Historial actualizado: mascota=mas-c89a9c6d por veterinario=usr-003 tipo=consulta
2026-06-11 17:05:23,074 [INFO] patitas_sanas — Login exitoso: admin@patitassanas.com (rol=admin)
2026-06-11 17:05:23,077 [INFO] patitas_sanas — Historial consultado: mascota=mas-c89a9c6d por usuario=usr-003
2026-06-11 17:05:23,177 [INFO] watchfiles.main — 1 change detected
2026-06-11 17:05:36,470 [INFO] patitas_sanas — Login POST exitoso: admin@patitassanas.com (rol=admin)
2026-06-11 17:05:36,514 [INFO] patitas_sanas — Login exitoso: admin@patitassanas.com (rol=admin)
2026-06-11 17:05:36,520 [INFO] patitas_sanas — Agenda consultada por admin@patitassanas.com (rol=admin) — fecha=2026-06-11 — 0 turnos
2026-06-11 17:05:36,522 [INFO] patitas_sanas — Login exitoso: admin@patitassanas.com (rol=admin)
2026-06-11 17:05:36,523 [INFO] patitas_sanas — Agenda consultada por admin@patitassanas.com (rol=admin) — fecha=2026-06-11 — 0 turnos
2026-06-11 17:05:37,398 [INFO] patitas_sanas — Login exitoso: admin@patitassanas.com (rol=admin)
2026-06-11 17:05:37,402 [INFO] patitas_sanas — Login exitoso: admin@patitassanas.com (rol=admin)
2026-06-11 17:05:39,086 [INFO] patitas_sanas — Login exitoso: admin@patitassanas.com (rol=admin)
2026-06-11 17:05:39,087 [INFO] patitas_sanas — Historial consultado: mascota=mas-c89a9c6d por usuario=usr-003
2026-06-11 17:05:39,095 [INFO] patitas_sanas — Login exitoso: admin@patitassanas.com (rol=admin)
2026-06-11 17:05:39,100 [INFO] patitas_sanas — Historial consultado: mascota=mas-c89a9c6d por usuario=usr-003
2026-06-11 17:05:53,083 [INFO] patitas_sanas — Login exitoso: admin@patitassanas.com (rol=admin)
2026-06-11 17:05:53,084 [INFO] patitas_sanas — Login exitoso: admin@patitassanas.com (rol=admin)
2026-06-11 17:05:53,086 [INFO] patitas_sanas — Agenda consultada por admin@patitassanas.com (rol=admin) — fecha=2026-06-11 — 0 turnos
2026-06-11 17:05:53,086 [INFO] patitas_sanas — Agenda consultada por admin@patitassanas.com (rol=admin) — fecha=2026-06-11 — 0 turnos
2026-06-12 16:54:12,647 [INFO] patitas_sanas — Patitas Sanas API iniciada. Archivos JSON inicializados.
2026-06-17 14:06:12,590 [INFO] patitas_sanas — Patitas Sanas API iniciada. Archivos JSON inicializados.
2026-06-17 14:10:58,060 [INFO] patitas_sanas — Patitas Sanas API iniciada. Archivos JSON inicializados.
2026-06-17 14:11:57,322 [WARNING] patitas_sanas — Login POST fallido: string
2026-06-17 14:11:59,616 [WARNING] patitas_sanas — Login POST fallido: string
2026-06-17 14:13:18,221 [INFO] patitas_sanas — Login POST exitoso: martin.lopez@patitassanas.com (rol=veterinario)
2026-06-17 14:13:21,497 [INFO] patitas_sanas — Login POST exitoso: martin.lopez@patitassanas.com (rol=veterinario)
2026-06-17 14:13:21,982 [INFO] patitas_sanas — Login POST exitoso: martin.lopez@patitassanas.com (rol=veterinario)
2026-06-17 14:13:22,179 [INFO] patitas_sanas — Login POST exitoso: martin.lopez@patitassanas.com (rol=veterinario)
2026-06-17 14:13:23,835 [INFO] patitas_sanas — Login POST exitoso: martin.lopez@patitassanas.com (rol=veterinario)
2026-06-17 14:21:23,956 [INFO] patitas_sanas — Patitas Sanas API iniciada. Archivos JSON inicializados.
2026-06-17 14:21:37,655 [INFO] patitas_sanas — Login POST exitoso: martin.lopez@patitassanas.com (rol=veterinario)
2026-06-17 14:21:37,701 [INFO] patitas_sanas — Login exitoso: martin.lopez@patitassanas.com (rol=veterinario)
2026-06-17 14:21:37,703 [INFO] patitas_sanas — Agenda consultada por martin.lopez@patitassanas.com (rol=veterinario) — fecha=2026-06-17 — 0 turnos
2026-06-17 14:21:37,708 [INFO] patitas_sanas — Login exitoso: martin.lopez@patitassanas.com (rol=veterinario)
2026-06-17 14:21:37,709 [INFO] patitas_sanas — Agenda consultada por martin.lopez@patitassanas.com (rol=veterinario) — fecha=2026-06-17 — 0 turnos
2026-06-17 14:21:41,322 [INFO] patitas_sanas — Login exitoso: martin.lopez@patitassanas.com (rol=veterinario)
2026-06-17 14:21:41,323 [INFO] patitas_sanas — Agenda consultada por martin.lopez@patitassanas.com (rol=veterinario) — fecha=2026-06-18 — 0 turnos
2026-06-17 14:21:41,619 [INFO] patitas_sanas — Login exitoso: martin.lopez@patitassanas.com (rol=veterinario)
2026-06-17 14:21:41,620 [INFO] patitas_sanas — Agenda consultada por martin.lopez@patitassanas.com (rol=veterinario) — fecha=2026-06-19 — 0 turnos
2026-06-17 14:21:41,773 [INFO] patitas_sanas — Login exitoso: martin.lopez@patitassanas.com (rol=veterinario)
2026-06-17 14:21:41,775 [INFO] patitas_sanas — Agenda consultada por martin.lopez@patitassanas.com (rol=veterinario) — fecha=2026-06-20 — 0 turnos
2026-06-17 14:21:42,854 [INFO] patitas_sanas — Login exitoso: martin.lopez@patitassanas.com (rol=veterinario)
2026-06-17 14:21:42,856 [INFO] patitas_sanas — Agenda consultada por martin.lopez@patitassanas.com (rol=veterinario) — fecha=2026-06-19 — 0 turnos
2026-06-17 14:21:43,043 [INFO] patitas_sanas — Login exitoso: martin.lopez@patitassanas.com (rol=veterinario)
2026-06-17 14:21:43,043 [INFO] patitas_sanas — Agenda consultada por martin.lopez@patitassanas.com (rol=veterinario) — fecha=2026-06-18 — 0 turnos
2026-06-17 14:21:43,192 [INFO] patitas_sanas — Login exitoso: martin.lopez@patitassanas.com (rol=veterinario)
2026-06-17 14:21:43,193 [INFO] patitas_sanas — Agenda consultada por martin.lopez@patitassanas.com (rol=veterinario) — fecha=2026-06-17 — 0 turnos
2026-06-17 14:21:43,351 [INFO] patitas_sanas — Login exitoso: martin.lopez@patitassanas.com (rol=veterinario)
2026-06-17 14:21:43,352 [INFO] patitas_sanas — Agenda consultada por martin.lopez@patitassanas.com (rol=veterinario) — fecha=2026-06-16 — 0 turnos
2026-06-17 14:21:43,510 [INFO] patitas_sanas — Login exitoso: martin.lopez@patitassanas.com (rol=veterinario)
2026-06-17 14:21:43,511 [INFO] patitas_sanas — Agenda consultada por martin.lopez@patitassanas.com (rol=veterinario) — fecha=2026-06-15 — 0 turnos
2026-06-17 14:21:43,683 [INFO] patitas_sanas — Login exitoso: martin.lopez@patitassanas.com (rol=veterinario)
2026-06-17 14:21:43,684 [INFO] patitas_sanas — Agenda consultada por martin.lopez@patitassanas.com (rol=veterinario) — fecha=2026-06-14 — 0 turnos
2026-06-17 14:21:43,843 [INFO] patitas_sanas — Login exitoso: martin.lopez@patitassanas.com (rol=veterinario)
2026-06-17 14:21:43,844 [INFO] patitas_sanas — Agenda consultada por martin.lopez@patitassanas.com (rol=veterinario) — fecha=2026-06-13 — 0 turnos
2026-06-17 14:21:44,002 [INFO] patitas_sanas — Login exitoso: martin.lopez@patitassanas.com (rol=veterinario)
2026-06-17 14:21:44,003 [INFO] patitas_sanas — Agenda consultada por martin.lopez@patitassanas.com (rol=veterinario) — fecha=2026-06-12 — 1 turnos
2026-06-17 14:21:45,339 [INFO] patitas_sanas — Login exitoso: martin.lopez@patitassanas.com (rol=veterinario)
2026-06-17 14:21:45,340 [INFO] patitas_sanas — Agenda consultada por martin.lopez@patitassanas.com (rol=veterinario) — fecha=2026-06-13 — 0 turnos
2026-06-17 14:21:45,462 [INFO] patitas_sanas — Login exitoso: martin.lopez@patitassanas.com (rol=veterinario)
2026-06-17 14:21:45,463 [INFO] patitas_sanas — Agenda consultada por martin.lopez@patitassanas.com (rol=veterinario) — fecha=2026-06-14 — 0 turnos
2026-06-17 14:21:45,820 [INFO] patitas_sanas — Login exitoso: martin.lopez@patitassanas.com (rol=veterinario)
2026-06-17 14:21:45,821 [INFO] patitas_sanas — Agenda consultada por martin.lopez@patitassanas.com (rol=veterinario) — fecha=2026-06-15 — 0 turnos
2026-06-17 14:21:45,983 [INFO] patitas_sanas — Login exitoso: martin.lopez@patitassanas.com (rol=veterinario)
2026-06-17 14:21:45,984 [INFO] patitas_sanas — Agenda consultada por martin.lopez@patitassanas.com (rol=veterinario) — fecha=2026-06-16 — 0 turnos
2026-06-17 14:21:46,158 [INFO] patitas_sanas — Login exitoso: martin.lopez@patitassanas.com (rol=veterinario)
2026-06-17 14:21:46,159 [INFO] patitas_sanas — Agenda consultada por martin.lopez@patitassanas.com (rol=veterinario) — fecha=2026-06-17 — 0 turnos
2026-06-17 14:21:46,343 [INFO] patitas_sanas — Login exitoso: martin.lopez@patitassanas.com (rol=veterinario)
2026-06-17 14:21:46,345 [INFO] patitas_sanas — Agenda consultada por martin.lopez@patitassanas.com (rol=veterinario) — fecha=2026-06-18 — 0 turnos
2026-06-17 14:21:46,612 [INFO] patitas_sanas — Login exitoso: martin.lopez@patitassanas.com (rol=veterinario)
2026-06-17 14:21:46,613 [INFO] patitas_sanas — Agenda consultada por martin.lopez@patitassanas.com (rol=veterinario) — fecha=2026-06-19 — 0 turnos
2026-06-17 14:21:46,781 [INFO] patitas_sanas — Login exitoso: martin.lopez@patitassanas.com (rol=veterinario)
2026-06-17 14:21:46,782 [INFO] patitas_sanas — Agenda consultada por martin.lopez@patitassanas.com (rol=veterinario) — fecha=2026-06-20 — 0 turnos
2026-06-17 14:21:46,992 [INFO] patitas_sanas — Login exitoso: martin.lopez@patitassanas.com (rol=veterinario)
2026-06-17 14:21:46,993 [INFO] patitas_sanas — Agenda consultada por martin.lopez@patitassanas.com (rol=veterinario) — fecha=2026-06-21 — 0 turnos
2026-06-17 14:21:47,338 [INFO] patitas_sanas — Login exitoso: martin.lopez@patitassanas.com (rol=veterinario)
2026-06-17 14:21:47,339 [INFO] patitas_sanas — Agenda consultada por martin.lopez@patitassanas.com (rol=veterinario) — fecha=2026-06-22 — 0 turnos
2026-06-17 14:21:47,713 [INFO] patitas_sanas — Login exitoso: martin.lopez@patitassanas.com (rol=veterinario)
2026-06-17 14:21:47,714 [INFO] patitas_sanas — Agenda consultada por martin.lopez@patitassanas.com (rol=veterinario) — fecha=2026-06-23 — 0 turnos
2026-06-17 14:21:48,267 [INFO] patitas_sanas — Login exitoso: martin.lopez@patitassanas.com (rol=veterinario)
2026-06-17 14:21:48,269 [INFO] patitas_sanas — Agenda consultada por martin.lopez@patitassanas.com (rol=veterinario) — fecha=2026-06-24 — 0 turnos
2026-06-17 14:21:48,600 [INFO] patitas_sanas — Login exitoso: martin.lopez@patitassanas.com (rol=veterinario)
2026-06-17 14:21:48,601 [INFO] patitas_sanas — Agenda consultada por martin.lopez@patitassanas.com (rol=veterinario) — fecha=2026-06-25 — 0 turnos
2026-06-17 14:21:49,047 [INFO] patitas_sanas — Login exitoso: martin.lopez@patitassanas.com (rol=veterinario)
2026-06-17 14:21:49,048 [INFO] patitas_sanas — Agenda consultada por martin.lopez@patitassanas.com (rol=veterinario) — fecha=2026-06-26 — 0 turnos
2026-06-17 14:21:49,255 [INFO] patitas_sanas — Login exitoso: martin.lopez@patitassanas.com (rol=veterinario)
2026-06-17 14:21:49,256 [INFO] patitas_sanas — Agenda consultada por martin.lopez@patitassanas.com (rol=veterinario) — fecha=2026-06-27 — 0 turnos
2026-06-17 14:22:52,951 [INFO] patitas_sanas — Login exitoso: martin.lopez@patitassanas.com (rol=veterinario)
2026-06-17 14:22:52,952 [INFO] patitas_sanas — Login exitoso: martin.lopez@patitassanas.com (rol=veterinario)
2026-06-17 14:24:20,947 [WARNING] patitas_sanas — Registro fallido — email ya existe: iara@gmail.com
2026-06-17 14:24:20,970 [WARNING] patitas_sanas — Login POST fallido: iara@gmail.com
2026-06-17 14:24:22,201 [WARNING] patitas_sanas — Registro fallido — email ya existe: iara@gmail.com
2026-06-17 14:24:22,216 [WARNING] patitas_sanas — Login POST fallido: iara@gmail.com
2026-06-17 14:24:22,438 [WARNING] patitas_sanas — Registro fallido — email ya existe: iara@gmail.com
2026-06-17 14:24:22,449 [WARNING] patitas_sanas — Login POST fallido: iara@gmail.com
2026-06-17 14:24:22,599 [WARNING] patitas_sanas — Registro fallido — email ya existe: iara@gmail.com
2026-06-17 14:24:22,606 [WARNING] patitas_sanas — Login POST fallido: iara@gmail.com
2026-06-17 14:24:22,765 [WARNING] patitas_sanas — Registro fallido — email ya existe: iara@gmail.com
2026-06-17 14:24:22,774 [WARNING] patitas_sanas — Login POST fallido: iara@gmail.com
2026-06-17 14:24:22,904 [WARNING] patitas_sanas — Registro fallido — email ya existe: iara@gmail.com
2026-06-17 14:24:22,914 [WARNING] patitas_sanas — Login POST fallido: iara@gmail.com
2026-06-17 14:24:23,064 [WARNING] patitas_sanas — Registro fallido — email ya existe: iara@gmail.com
2026-06-17 14:24:23,079 [WARNING] patitas_sanas — Login POST fallido: iara@gmail.com
2026-06-17 14:24:23,218 [WARNING] patitas_sanas — Registro fallido — email ya existe: iara@gmail.com
2026-06-17 14:24:23,227 [WARNING] patitas_sanas — Login POST fallido: iara@gmail.com
2026-06-17 14:24:23,375 [WARNING] patitas_sanas — Registro fallido — email ya existe: iara@gmail.com
2026-06-17 14:24:23,383 [WARNING] patitas_sanas — Login POST fallido: iara@gmail.com
2026-06-17 14:24:23,533 [WARNING] patitas_sanas — Registro fallido — email ya existe: iara@gmail.com
2026-06-17 14:24:23,545 [WARNING] patitas_sanas — Login POST fallido: iara@gmail.com
2026-06-17 14:29:07,340 [INFO] patitas_sanas — Nuevo usuario registrado: iara1@gmail.com (id=usr-7ffdce1d)
2026-06-17 14:29:07,354 [INFO] patitas_sanas — Login exitoso: iara1@gmail.com (rol=cliente)
2026-06-17 14:29:07,358 [INFO] patitas_sanas — Mascota registrada: id=mas-ca24d8ee nombre='carlos' especie=Gato propietario=usr-7ffdce1d por usuario=usr-7ffdce1d
2026-06-17 14:29:07,365 [INFO] patitas_sanas — Login exitoso: iara1@gmail.com (rol=cliente)
2026-06-17 14:29:07,366 [INFO] patitas_sanas — Turno reservado: id=tur-5e978eae cliente=usr-7ffdce1d vet=usr-001 fecha=2026-06-18 09:00-09:30
2026-06-17 14:29:07,366 [INFO] patitas_sanas — [EMAIL SIMULADO] tipo=confirmacion para=iara1@gmail.com turno=tur-5e978eae msg='Su turno con Dr. Martín López el 2026-06-18 a las 09:00 fue confirmado.'
2026-06-17 14:29:07,376 [INFO] patitas_sanas — [EMAIL SIMULADO] tipo=recordatorio para=iara1@gmail.com turno=tur-5e978eae msg='Recordatorio: mañana tiene turno a las 09:00 con Dr. Martín López.'
2026-06-17 14:29:07,444 [INFO] watchfiles.main — 4 changes detected
2026-06-17 14:29:45,896 [INFO] patitas_sanas — Nuevo usuario registrado: juan2@gmail.com (id=usr-e26c6d73)
2026-06-17 14:29:45,912 [INFO] patitas_sanas — Login exitoso: juan2@gmail.com (rol=cliente)
2026-06-17 14:29:45,914 [INFO] patitas_sanas — Mascota registrada: id=mas-a731b416 nombre='Wendy' especie=Perro propietario=usr-e26c6d73 por usuario=usr-e26c6d73
2026-06-17 14:29:45,924 [INFO] patitas_sanas — Login exitoso: juan2@gmail.com (rol=cliente)
2026-06-17 14:29:45,925 [WARNING] patitas_sanas — Intento de doble booking — vet=usr-001 fecha=2026-06-18 09:00-09:30
2026-06-17 14:29:46,011 [INFO] watchfiles.main — 2 changes detected
2026-06-17 14:56:19,650 [INFO] patitas_sanas — Patitas Sanas API iniciada. Archivos JSON inicializados.
2026-06-17 14:56:33,270 [INFO] patitas_sanas — Login POST exitoso: admin@patitassanas.com (rol=admin)
2026-06-17 14:56:33,327 [INFO] patitas_sanas — Login HTTP Basic exitoso: admin@patitassanas.com (rol=admin)
2026-06-17 14:56:33,328 [INFO] patitas_sanas — Agenda consultada por admin@patitassanas.com (rol=admin) — fecha=2026-06-17 — 0 turnos
2026-06-17 14:56:33,331 [INFO] patitas_sanas — Login HTTP Basic exitoso: admin@patitassanas.com (rol=admin)
2026-06-17 14:56:33,332 [INFO] patitas_sanas — Agenda consultada por admin@patitassanas.com (rol=admin) — fecha=2026-06-17 — 0 turnos
2026-06-17 14:56:36,125 [INFO] patitas_sanas — Login HTTP Basic exitoso: admin@patitassanas.com (rol=admin)
2026-06-17 14:56:36,126 [INFO] patitas_sanas — Agenda consultada por admin@patitassanas.com (rol=admin) — fecha=2026-06-16 — 0 turnos
2026-06-17 14:56:36,299 [INFO] patitas_sanas — Login HTTP Basic exitoso: admin@patitassanas.com (rol=admin)
2026-06-17 14:56:36,300 [INFO] patitas_sanas — Agenda consultada por admin@patitassanas.com (rol=admin) — fecha=2026-06-15 — 0 turnos
2026-06-17 14:56:36,480 [INFO] patitas_sanas — Login HTTP Basic exitoso: admin@patitassanas.com (rol=admin)
2026-06-17 14:56:36,481 [INFO] patitas_sanas — Agenda consultada por admin@patitassanas.com (rol=admin) — fecha=2026-06-14 — 0 turnos
2026-06-17 14:56:36,625 [INFO] patitas_sanas — Login HTTP Basic exitoso: admin@patitassanas.com (rol=admin)
2026-06-17 14:56:36,626 [INFO] patitas_sanas — Agenda consultada por admin@patitassanas.com (rol=admin) — fecha=2026-06-13 — 0 turnos
2026-06-17 14:56:36,759 [INFO] patitas_sanas — Login HTTP Basic exitoso: admin@patitassanas.com (rol=admin)
2026-06-17 14:56:36,760 [INFO] patitas_sanas — Agenda consultada por admin@patitassanas.com (rol=admin) — fecha=2026-06-12 — 1 turnos
2026-06-17 14:56:36,923 [INFO] patitas_sanas — Login HTTP Basic exitoso: admin@patitassanas.com (rol=admin)
2026-06-17 14:56:36,924 [INFO] patitas_sanas — Agenda consultada por admin@patitassanas.com (rol=admin) — fecha=2026-06-11 — 0 turnos
2026-06-17 14:56:37,514 [INFO] patitas_sanas — Login HTTP Basic exitoso: admin@patitassanas.com (rol=admin)
2026-06-17 14:56:37,516 [INFO] patitas_sanas — Agenda consultada por admin@patitassanas.com (rol=admin) — fecha=2026-06-12 — 1 turnos
2026-06-17 14:56:37,655 [INFO] patitas_sanas — Login HTTP Basic exitoso: admin@patitassanas.com (rol=admin)
2026-06-17 14:56:37,656 [INFO] patitas_sanas — Agenda consultada por admin@patitassanas.com (rol=admin) — fecha=2026-06-13 — 0 turnos
2026-06-17 14:56:37,983 [INFO] patitas_sanas — Login HTTP Basic exitoso: admin@patitassanas.com (rol=admin)
2026-06-17 14:56:37,984 [INFO] patitas_sanas — Agenda consultada por admin@patitassanas.com (rol=admin) — fecha=2026-06-14 — 0 turnos
2026-06-17 14:56:38,160 [INFO] patitas_sanas — Login HTTP Basic exitoso: admin@patitassanas.com (rol=admin)
2026-06-17 14:56:38,161 [INFO] patitas_sanas — Agenda consultada por admin@patitassanas.com (rol=admin) — fecha=2026-06-15 — 0 turnos
2026-06-17 14:56:38,324 [INFO] patitas_sanas — Login HTTP Basic exitoso: admin@patitassanas.com (rol=admin)
2026-06-17 14:56:38,325 [INFO] patitas_sanas — Agenda consultada por admin@patitassanas.com (rol=admin) — fecha=2026-06-16 — 0 turnos
2026-06-17 14:56:38,475 [INFO] patitas_sanas — Login HTTP Basic exitoso: admin@patitassanas.com (rol=admin)
2026-06-17 14:56:38,477 [INFO] patitas_sanas — Agenda consultada por admin@patitassanas.com (rol=admin) — fecha=2026-06-17 — 0 turnos
2026-06-17 14:56:39,728 [INFO] patitas_sanas — Login HTTP Basic exitoso: admin@patitassanas.com (rol=admin)
2026-06-17 14:56:39,729 [INFO] patitas_sanas — Agenda consultada por admin@patitassanas.com (rol=admin) — fecha=2026-06-16 — 0 turnos
2026-06-17 14:56:39,856 [INFO] patitas_sanas — Login HTTP Basic exitoso: admin@patitassanas.com (rol=admin)
2026-06-17 14:56:39,857 [INFO] patitas_sanas — Agenda consultada por admin@patitassanas.com (rol=admin) — fecha=2026-06-15 — 0 turnos
2026-06-17 14:56:40,026 [INFO] patitas_sanas — Login HTTP Basic exitoso: admin@patitassanas.com (rol=admin)
2026-06-17 14:56:40,028 [INFO] patitas_sanas — Agenda consultada por admin@patitassanas.com (rol=admin) — fecha=2026-06-14 — 0 turnos
2026-06-17 14:56:40,191 [INFO] patitas_sanas — Login HTTP Basic exitoso: admin@patitassanas.com (rol=admin)
2026-06-17 14:56:40,192 [INFO] patitas_sanas — Agenda consultada por admin@patitassanas.com (rol=admin) — fecha=2026-06-13 — 0 turnos
2026-06-17 14:56:40,379 [INFO] patitas_sanas — Login HTTP Basic exitoso: admin@patitassanas.com (rol=admin)
2026-06-17 14:56:40,380 [INFO] patitas_sanas — Agenda consultada por admin@patitassanas.com (rol=admin) — fecha=2026-06-12 — 1 turnos
2026-06-17 14:56:40,573 [INFO] patitas_sanas — Login HTTP Basic exitoso: admin@patitassanas.com (rol=admin)
2026-06-17 14:56:40,574 [INFO] patitas_sanas — Agenda consultada por admin@patitassanas.com (rol=admin) — fecha=2026-06-11 — 0 turnos
2026-06-17 14:56:41,180 [INFO] patitas_sanas — Login HTTP Basic exitoso: admin@patitassanas.com (rol=admin)
2026-06-17 14:56:41,182 [INFO] patitas_sanas — Agenda consultada por admin@patitassanas.com (rol=admin) — fecha=2026-06-12 — 1 turnos
2026-06-17 14:56:41,447 [INFO] patitas_sanas — Login HTTP Basic exitoso: admin@patitassanas.com (rol=admin)
2026-06-17 14:56:41,448 [INFO] patitas_sanas — Agenda consultada por admin@patitassanas.com (rol=admin) — fecha=2026-06-13 — 0 turnos
2026-06-17 14:56:41,596 [INFO] patitas_sanas — Login HTTP Basic exitoso: admin@patitassanas.com (rol=admin)
2026-06-17 14:56:41,597 [INFO] patitas_sanas — Agenda consultada por admin@patitassanas.com (rol=admin) — fecha=2026-06-14 — 0 turnos
2026-06-17 14:56:41,759 [INFO] patitas_sanas — Login HTTP Basic exitoso: admin@patitassanas.com (rol=admin)
2026-06-17 14:56:41,760 [INFO] patitas_sanas — Agenda consultada por admin@patitassanas.com (rol=admin) — fecha=2026-06-15 — 0 turnos
2026-06-17 14:56:41,897 [INFO] patitas_sanas — Login HTTP Basic exitoso: admin@patitassanas.com (rol=admin)
2026-06-17 14:56:41,899 [INFO] patitas_sanas — Agenda consultada por admin@patitassanas.com (rol=admin) — fecha=2026-06-16 — 0 turnos
2026-06-17 14:56:42,064 [INFO] patitas_sanas — Login HTTP Basic exitoso: admin@patitassanas.com (rol=admin)
2026-06-17 14:56:42,064 [INFO] patitas_sanas — Agenda consultada por admin@patitassanas.com (rol=admin) — fecha=2026-06-17 — 0 turnos
2026-06-17 14:57:44,671 [INFO] patitas_sanas — Nuevo usuario registrado: iara2@gmail.com (id=usr-900493ed)
2026-06-17 14:57:44,688 [INFO] patitas_sanas — Login HTTP Basic exitoso: iara2@gmail.com (rol=cliente)
2026-06-17 14:57:44,691 [INFO] patitas_sanas — Mascota registrada: id=mas-770da715 nombre='pupii' especie=Gato propietario=usr-900493ed por usuario=usr-900493ed
2026-06-17 14:57:44,697 [INFO] patitas_sanas — Login HTTP Basic exitoso: iara2@gmail.com (rol=cliente)
2026-06-17 14:57:44,698 [INFO] patitas_sanas — Turno reservado: id=tur-f23c228d cliente=usr-900493ed vet=usr-001 fecha=2026-06-18 09:00-09:30
2026-06-17 14:57:44,699 [INFO] patitas_sanas — [EMAIL SIMULADO] tipo=confirmacion para=iara2@gmail.com turno=tur-f23c228d msg='Su turno con Dr. Martín López el 2026-06-18 a las 09:00 fue confirmado.'
2026-06-17 14:57:44,799 [INFO] watchfiles.main — 4 changes detected
2026-06-17 14:59:12,938 [INFO] patitas_sanas — Nuevo usuario registrado: juanti@gmail.com (id=usr-32255cc4)
2026-06-17 14:59:12,955 [INFO] patitas_sanas — Login HTTP Basic exitoso: juanti@gmail.com (rol=cliente)
2026-06-17 14:59:12,957 [INFO] patitas_sanas — Mascota registrada: id=mas-e965c731 nombre='winnie' especie=Gato propietario=usr-32255cc4 por usuario=usr-32255cc4
2026-06-17 14:59:12,964 [INFO] patitas_sanas — Login HTTP Basic exitoso: juanti@gmail.com (rol=cliente)
2026-06-17 14:59:12,965 [INFO] patitas_sanas — Turno reservado: id=tur-f8315453 cliente=usr-32255cc4 vet=usr-001 fecha=2026-06-18 09:00-09:30
2026-06-17 14:59:12,966 [INFO] patitas_sanas — [EMAIL SIMULADO] tipo=confirmacion para=juanti@gmail.com turno=tur-f8315453 msg='Su turno con Dr. Martín López el 2026-06-18 a las 09:00 fue confirmado.'
2026-06-17 14:59:13,038 [INFO] watchfiles.main — 4 changes detected
